  Determining projects to restore...
  All projects are up-to-date for restore.
C:\Users\User Vinatech.DESKTOP-RJJSEQU\source\repos\ImportData\Services\DatabaseService.cs(13,26): error CS0246: The type or namespace name 'AppConfig' could not be found (are you missing a using directive or an assembly reference?) [C:\Users\User Vinatech.DESKTOP-RJJSEQU\source\repos\ImportData\ImportData.csproj]
C:\Users\User Vinatech.DESKTOP-RJJSEQU\source\repos\ImportData\Services\DatabaseService.cs(16,32): error CS0246: The type or namespace name 'AppConfig' could not be found (are you missing a using directive or an assembly reference?) [C:\Users\User Vinatech.DESKTOP-RJJSEQU\source\repos\ImportData\ImportData.csproj]

Build FAILED.

C:\Users\User Vinatech.DESKTOP-RJJSEQU\source\repos\ImportData\Services\DatabaseService.cs(13,26): error CS0246: The type or namespace name 'AppConfig' could not be found (are you missing a using directive or an assembly reference?) [C:\Users\User Vinatech.DESKTOP-RJJSEQU\source\repos\ImportData\ImportData.csproj]
C:\Users\User Vinatech.DESKTOP-RJJSEQU\source\repos\ImportData\Services\DatabaseService.cs(16,32): error CS0246: The type or namespace name 'AppConfig' could not be found (are you missing a using directive or an assembly reference?) [C:\Users\User Vinatech.DESKTOP-RJJSEQU\source\repos\ImportData\ImportData.csproj]
    0 Warning(s)
    2 Error(s)

Time Elapsed 00:00:01.32
