  Determining projects to restore...
  All projects are up-to-date for restore.
C:\Users\User Vinatech.DESKTOP-RJJSEQU\source\repos\ImportData\Form1.cs(22,16): warning CS8618: Non-nullable field 'dataToImport' must contain a non-null value when exiting constructor. Consider adding the 'required' modifier or declaring the field as nullable. [C:\Users\User Vinatech.DESKTOP-RJJSEQU\source\repos\ImportData\ImportData.csproj]
C:\Users\User Vinatech.DESKTOP-RJJSEQU\source\repos\ImportData\Form1.cs(56,42): warning CS8600: Converting null literal or possible null value to non-nullable type. [C:\Users\User Vinatech.DESKTOP-RJJSEQU\source\repos\ImportData\ImportData.csproj]
C:\Users\User Vinatech.DESKTOP-RJJSEQU\source\repos\ImportData\Form1.cs(58,21): warning CS8602: Dereference of a possibly null reference. [C:\Users\User Vinatech.DESKTOP-RJJSEQU\source\repos\ImportData\ImportData.csproj]
C:\Users\User Vinatech.DESKTOP-RJJSEQU\source\repos\ImportData\Form1.cs(68,17): error CS4008: Cannot await 'void' [C:\Users\User Vinatech.DESKTOP-RJJSEQU\source\repos\ImportData\ImportData.csproj]
C:\Users\User Vinatech.DESKTOP-RJJSEQU\source\repos\ImportData\Form1.cs(68,37): warning CS8625: Cannot convert null literal to non-nullable reference type. [C:\Users\User Vinatech.DESKTOP-RJJSEQU\source\repos\ImportData\ImportData.csproj]
C:\Users\User Vinatech.DESKTOP-RJJSEQU\source\repos\ImportData\Form1.cs(68,43): warning CS8625: Cannot convert null literal to non-nullable reference type. [C:\Users\User Vinatech.DESKTOP-RJJSEQU\source\repos\ImportData\ImportData.csproj]
C:\Users\User Vinatech.DESKTOP-RJJSEQU\source\repos\ImportData\Form1.cs(141,37): warning CS8605: Unboxing a possibly null value. [C:\Users\User Vinatech.DESKTOP-RJJSEQU\source\repos\ImportData\ImportData.csproj]

Build FAILED.

C:\Users\User Vinatech.DESKTOP-RJJSEQU\source\repos\ImportData\Form1.cs(22,16): warning CS8618: Non-nullable field 'dataToImport' must contain a non-null value when exiting constructor. Consider adding the 'required' modifier or declaring the field as nullable. [C:\Users\User Vinatech.DESKTOP-RJJSEQU\source\repos\ImportData\ImportData.csproj]
C:\Users\User Vinatech.DESKTOP-RJJSEQU\source\repos\ImportData\Form1.cs(56,42): warning CS8600: Converting null literal or possible null value to non-nullable type. [C:\Users\User Vinatech.DESKTOP-RJJSEQU\source\repos\ImportData\ImportData.csproj]
C:\Users\User Vinatech.DESKTOP-RJJSEQU\source\repos\ImportData\Form1.cs(58,21): warning CS8602: Dereference of a possibly null reference. [C:\Users\User Vinatech.DESKTOP-RJJSEQU\source\repos\ImportData\ImportData.csproj]
C:\Users\User Vinatech.DESKTOP-RJJSEQU\source\repos\ImportData\Form1.cs(68,37): warning CS8625: Cannot convert null literal to non-nullable reference type. [C:\Users\User Vinatech.DESKTOP-RJJSEQU\source\repos\ImportData\ImportData.csproj]
C:\Users\User Vinatech.DESKTOP-RJJSEQU\source\repos\ImportData\Form1.cs(68,43): warning CS8625: Cannot convert null literal to non-nullable reference type. [C:\Users\User Vinatech.DESKTOP-RJJSEQU\source\repos\ImportData\ImportData.csproj]
C:\Users\User Vinatech.DESKTOP-RJJSEQU\source\repos\ImportData\Form1.cs(141,37): warning CS8605: Unboxing a possibly null value. [C:\Users\User Vinatech.DESKTOP-RJJSEQU\source\repos\ImportData\ImportData.csproj]
C:\Users\User Vinatech.DESKTOP-RJJSEQU\source\repos\ImportData\Form1.cs(68,17): error CS4008: Cannot await 'void' [C:\Users\User Vinatech.DESKTOP-RJJSEQU\source\repos\ImportData\ImportData.csproj]
    6 Warning(s)
    1 Error(s)

Time Elapsed 00:00:01.61
